---
source: memfaultd/src/config/config_file.rs
expression: content
---
{
  "queue_size_kib": 1024,
  "data_dir": "/media/memfault",
  "refresh_interval_seconds": 3600,
  "enable_data_collection": false,
  "enable_dev_mode": false,
  "software_version": "0.0.0-memfault-unknown",
  "software_type": "memfault-unknown",
  "project_key": "",
  "base_url": "https://device.memfault.com",
  "swupdate_plugin": {
    "input_file": "/etc/swupdate.cfg",
    "output_file": "/tmp/swupdate.cfg"
  },
  "reboot_plugin": {
    "last_reboot_reason_file": "/media/last_reboot_reason"
  },
  "collectd_plugin": {
    "header_include_output_file": "/tmp/collectd-header-include.conf",
    "footer_include_output_file": "/tmp/collectd-footer-include.conf",
    "non_memfaultd_chain": "",
    "write_http_buffer_size_kib": 64,
    "interval_seconds": 3600
  },
  "coredump_plugin": {
    "compression": "none",
    "coredump_max_size_kib": 96000,
    "rate_limit_count": 5,
    "rate_limit_duration_seconds": 3600,
    "storage_min_headroom_kib": 10240,
    "storage_max_usage_kib": 0
  },
  "fluent-bit": {
    "extra_fluentd_attributes": [],
    "bind_address": "127.0.0.1:5170",
    "max_buffered_lines": 1000,
    "max_connections": 4
  },
  "logs": {
    "rotate_size_kib": 10240,
    "rotate_after_seconds": 3600,
    "tmp_folder": "tmplogs",
    "compression_level": 1
  },
  "mar": {
    "storage_max_usage_kib": 102400,
    "mar_file_max_size_kib": 10240
  }
}
